../Core/Src/main.c:80:5:main	8	static
../Core/Src/main.c:134:6:SystemClock_Config	88	static
../Core/Src/main.c:180:13:MX_CRC_Init	8	static
../Core/Src/main.c:206:13:MX_SPI1_Init	8	static
../Core/Src/main.c:244:13:MX_SPI2_Init	8	static
../Core/Src/main.c:282:13:MX_TIM2_Init	32	static
../Core/Src/main.c:325:13:MX_DMA_Init	16	static
../Core/Src/main.c:343:13:MX_GPIO_Init	48	static
../Core/Src/main.c:407:6:HAL_TIM_PeriodElapsedCallback	16	static
../Core/Src/main.c:427:6:Error_Handler	4	static,ignoring_inline_asm
